2025-08-18 11:19:22,237 [Worker-8: Loading available Gradle versions] INFO  o.e.b.c.i.u.g.PublishedGradleVersions - Gradle version information cache is not available. Remote download required.
2025-08-20 09:50:07,444 [Worker-2: Loading available Gradle versions] INFO  o.e.b.c.i.u.g.PublishedGradleVersions - Gradle version information cache is out-of-date. Trying to update.
2025-08-20 11:41:39,926 [Worker-2: Loading available Gradle versions] INFO  o.e.b.c.i.u.g.PublishedGradleVersions - Gradle version information cache is up-to-date. Trying to read.
2025-08-20 12:15:28,046 [Worker-6: Loading available Gradle versions] INFO  o.e.b.c.i.u.g.PublishedGradleVersions - Gradle version information cache is up-to-date. Trying to read.
2025-08-20 12:16:54,288 [Worker-8: Loading available Gradle versions] INFO  o.e.b.c.i.u.g.PublishedGradleVersions - Gradle version information cache is up-to-date. Trying to read.
2025-08-20 12:20:26,054 [Worker-9: Loading available Gradle versions] INFO  o.e.b.c.i.u.g.PublishedGradleVersions - Gradle version information cache is up-to-date. Trying to read.
2025-08-25 10:43:59,336 [Worker-2: Loading available Gradle versions] INFO  o.e.b.c.i.u.g.PublishedGradleVersions - Gradle version information cache is out-of-date. Trying to update.
2025-08-25 11:01:09,527 [Worker-1: Loading available Gradle versions] INFO  o.e.b.c.i.u.g.PublishedGradleVersions - Gradle version information cache is up-to-date. Trying to read.
2025-08-25 11:04:49,539 [Worker-7: Loading available Gradle versions] INFO  o.e.b.c.i.u.g.PublishedGradleVersions - Gradle version information cache is up-to-date. Trying to read.
2025-08-25 11:13:09,105 [Worker-6: Loading available Gradle versions] INFO  o.e.b.c.i.u.g.PublishedGradleVersions - Gradle version information cache is up-to-date. Trying to read.
2025-08-25 17:24:42,233 [Worker-8: Loading available Gradle versions] INFO  o.e.b.c.i.u.g.PublishedGradleVersions - Gradle version information cache is up-to-date. Trying to read.
2025-08-26 17:00:55,034 [Worker-1: Loading available Gradle versions] INFO  o.e.b.c.i.u.g.PublishedGradleVersions - Gradle version information cache is out-of-date. Trying to update.
2025-08-26 17:01:34,697 [Worker-4: Loading available Gradle versions] INFO  o.e.b.c.i.u.g.PublishedGradleVersions - Gradle version information cache is up-to-date. Trying to read.
2025-08-27 10:20:18,953 [Worker-1: Loading available Gradle versions] INFO  o.e.b.c.i.u.g.PublishedGradleVersions - Gradle version information cache is up-to-date. Trying to read.
2025-08-27 10:20:36,043 [Worker-11: Auto share git projects] WARN  org.eclipse.jgit.util.FS_POSIX - null
2025-09-01 10:41:52,979 [Worker-8: Loading available Gradle versions] INFO  o.e.b.c.i.u.g.PublishedGradleVersions - Gradle version information cache is out-of-date. Trying to update.
2025-09-01 10:42:00,349 [Worker-5: Decoration Calculation] WARN  org.eclipse.jgit.util.FS_POSIX - null
2025-09-01 16:46:28,606 [main] WARN  org.eclipse.jgit.util.FS_POSIX - null
2025-09-01 16:46:28,825 [Worker-1: Loading available Gradle versions] INFO  o.e.b.c.i.u.g.PublishedGradleVersions - Gradle version information cache is up-to-date. Trying to read.
2025-09-02 16:54:15,315 [Worker-6: Loading available Gradle versions] INFO  o.e.b.c.i.u.g.PublishedGradleVersions - Gradle version information cache is out-of-date. Trying to update.
2025-09-02 16:54:22,896 [Worker-8: Decoration Calculation] WARN  org.eclipse.jgit.util.FS_POSIX - null
2025-09-03 09:57:47,806 [Worker-8: Loading available Gradle versions] INFO  o.e.b.c.i.u.g.PublishedGradleVersions - Gradle version information cache is up-to-date. Trying to read.
2025-09-03 09:57:54,085 [Worker-6: Decoration Calculation] WARN  org.eclipse.jgit.util.FS_POSIX - null
2025-09-08 10:47:48,480 [Worker-2: Loading available Gradle versions] INFO  o.e.b.c.i.u.g.PublishedGradleVersions - Gradle version information cache is out-of-date. Trying to update.
2025-09-08 10:47:52,472 [Worker-10: Decoration Calculation] WARN  org.eclipse.jgit.util.FS_POSIX - null
2025-09-08 14:09:41,590 [Worker-4: Loading available Gradle versions] INFO  o.e.b.c.i.u.g.PublishedGradleVersions - Gradle version information cache is up-to-date. Trying to read.
2025-09-08 14:09:45,800 [Worker-2: Decoration Calculation] WARN  org.eclipse.jgit.util.FS_POSIX - null
2025-09-08 16:57:05,688 [Worker-6: Loading available Gradle versions] INFO  o.e.b.c.i.u.g.PublishedGradleVersions - Gradle version information cache is up-to-date. Trying to read.
2025-09-08 16:57:09,196 [Worker-1: Decoration Calculation] WARN  org.eclipse.jgit.util.FS_POSIX - null
2025-09-09 16:42:50,021 [Worker-2: Loading available Gradle versions] INFO  o.e.b.c.i.u.g.PublishedGradleVersions - Gradle version information cache is out-of-date. Trying to update.
2025-09-09 16:42:56,233 [Worker-9: Decoration Calculation] WARN  org.eclipse.jgit.util.FS_POSIX - null
2025-09-09 17:05:08,701 [Worker-4: Loading available Gradle versions] INFO  o.e.b.c.i.u.g.PublishedGradleVersions - Gradle version information cache is up-to-date. Trying to read.
2025-09-09 17:05:14,868 [Worker-7: Decoration Calculation] WARN  org.eclipse.jgit.util.FS_POSIX - null
2025-09-10 09:47:16,335 [Worker-1: Loading available Gradle versions] INFO  o.e.b.c.i.u.g.PublishedGradleVersions - Gradle version information cache is up-to-date. Trying to read.
2025-09-10 09:47:22,075 [Worker-8: Decoration Calculation] WARN  org.eclipse.jgit.util.FS_POSIX - null
2025-09-10 12:25:39,896 [Worker-1: Loading available Gradle versions] INFO  o.e.b.c.i.u.g.PublishedGradleVersions - Gradle version information cache is up-to-date. Trying to read.
2025-09-10 12:25:46,136 [Worker-9: Decoration Calculation] WARN  org.eclipse.jgit.util.FS_POSIX - null
2025-09-15 10:43:38,035 [Worker-1: Loading available Gradle versions] INFO  o.e.b.c.i.u.g.PublishedGradleVersions - Gradle version information cache is out-of-date. Trying to update.
2025-09-15 10:43:44,278 [Worker-10: Decoration Calculation] WARN  org.eclipse.jgit.util.FS_POSIX - null
2025-09-15 12:23:01,908 [Worker-1: Loading available Gradle versions] INFO  o.e.b.c.i.u.g.PublishedGradleVersions - Gradle version information cache is up-to-date. Trying to read.
2025-09-15 12:23:07,666 [Worker-9: Decoration Calculation] WARN  org.eclipse.jgit.util.FS_POSIX - null
2025-09-15 16:42:59,781 [Worker-2: Loading available Gradle versions] INFO  o.e.b.c.i.u.g.PublishedGradleVersions - Gradle version information cache is up-to-date. Trying to read.
2025-09-15 16:43:05,606 [Worker-13: Decoration Calculation] WARN  org.eclipse.jgit.util.FS_POSIX - null
2025-09-17 10:23:19,739 [Worker-4: Loading available Gradle versions] INFO  o.e.b.c.i.u.g.PublishedGradleVersions - Gradle version information cache is out-of-date. Trying to update.
2025-09-17 10:23:25,330 [Worker-10: Decoration Calculation] WARN  org.eclipse.jgit.util.FS_POSIX - null
2025-09-17 10:23:31,802 [Worker-7: Deferred Early Start] INFO  o.a.h.c.h.i.c.HttpRequestRetryExec - Recoverable I/O exception (java.net.SocketException) caught when processing request to {s}->[https://www.eclipse.org:443]
2025-09-17 10:23:36,255 [Worker-10: Decoration Calculation] WARN  org.eclipse.jgit.util.FS - Exception caught during execution of command '[/usr/bin/git, --version]' in '/usr/bin', return code '69', error message 'You have not agreed to the Xcode license agreements. Please run 'sudo xcodebuild -license' from within a Terminal window to review and agree to the Xcode and Apple SDKs license.
'
2025-09-17 15:41:03,667 [Worker-1: Loading available Gradle versions] INFO  o.e.b.c.i.u.g.PublishedGradleVersions - Gradle version information cache is up-to-date. Trying to read.
2025-09-17 15:41:09,469 [Worker-9: Decoration Calculation] WARN  org.eclipse.jgit.util.FS_POSIX - null
2025-09-17 15:41:09,907 [Worker-9: Decoration Calculation] WARN  org.eclipse.jgit.util.FS - Exception caught during execution of command '[/usr/bin/git, --version]' in '/usr/bin', return code '69', error message 'You have not agreed to the Xcode license agreements. Please run 'sudo xcodebuild -license' from within a Terminal window to review and agree to the Xcode and Apple SDKs license.
'
2025-09-22 10:41:42,208 [Worker-2: Loading available Gradle versions] INFO  o.e.b.c.i.u.g.PublishedGradleVersions - Gradle version information cache is out-of-date. Trying to update.
2025-09-22 10:41:45,477 [Worker-3: Decoration Calculation] WARN  org.eclipse.jgit.util.FS_POSIX - null
2025-09-22 16:44:08,765 [Worker-1: Loading available Gradle versions] INFO  o.e.b.c.i.u.g.PublishedGradleVersions - Gradle version information cache is up-to-date. Trying to read.
2025-09-22 16:44:14,566 [Worker-6: Decoration Calculation] WARN  org.eclipse.jgit.util.FS_POSIX - null
2025-09-24 09:43:49,937 [Worker-7: Loading available Gradle versions] INFO  o.e.b.c.i.u.g.PublishedGradleVersions - Gradle version information cache is out-of-date. Trying to update.
2025-09-24 09:43:56,364 [Worker-1: Decoration Calculation] WARN  org.eclipse.jgit.util.FS_POSIX - null
2025-10-01 09:18:58,034 [Worker-8: Loading available Gradle versions] INFO  o.e.b.c.i.u.g.PublishedGradleVersions - Gradle version information cache is out-of-date. Trying to update.
2025-10-01 09:19:05,169 [Worker-10: Decoration Calculation] WARN  org.eclipse.jgit.util.FS_POSIX - null
2025-10-13 10:42:18,638 [Worker-2: Loading available Gradle versions] INFO  o.e.b.c.i.u.g.PublishedGradleVersions - Gradle version information cache is out-of-date. Trying to update.
2025-10-13 10:42:25,567 [Worker-4: Decoration Calculation] WARN  org.eclipse.jgit.util.FS_POSIX - null
2025-10-13 19:35:23,785 [Worker-7: Loading available Gradle versions] INFO  o.e.b.c.i.u.g.PublishedGradleVersions - Gradle version information cache is up-to-date. Trying to read.
2025-10-13 19:35:29,687 [Worker-4: Decoration Calculation] WARN  org.eclipse.jgit.util.FS_POSIX - null
2025-10-13 19:37:27,472 [Worker-8: Loading available Gradle versions] INFO  o.e.b.c.i.u.g.PublishedGradleVersions - Gradle version information cache is up-to-date. Trying to read.
2025-10-13 19:37:33,564 [Worker-9: Decoration Calculation] WARN  org.eclipse.jgit.util.FS_POSIX - null
2025-10-14 08:35:34,943 [Worker-1: Loading available Gradle versions] INFO  o.e.b.c.i.u.g.PublishedGradleVersions - Gradle version information cache is up-to-date. Trying to read.
2025-10-14 08:35:41,161 [Worker-8: Decoration Calculation] WARN  org.eclipse.jgit.util.FS_POSIX - null
2025-10-14 16:45:45,636 [Worker-8: Loading available Gradle versions] INFO  o.e.b.c.i.u.g.PublishedGradleVersions - Gradle version information cache is out-of-date. Trying to update.
2025-10-14 16:45:52,487 [Worker-9: Decoration Calculation] WARN  org.eclipse.jgit.util.FS_POSIX - null
2025-10-14 16:59:14,770 [Worker-1: Loading available Gradle versions] INFO  o.e.b.c.i.u.g.PublishedGradleVersions - Gradle version information cache is up-to-date. Trying to read.
2025-10-14 16:59:20,805 [Worker-8: Decoration Calculation] WARN  org.eclipse.jgit.util.FS_POSIX - null
2025-10-14 16:59:21,718 [Worker-6: Deferred Early Start] INFO  o.a.h.c.h.i.c.HttpRequestRetryExec - Recoverable I/O exception (java.net.SocketException) caught when processing request to {s}->[https://www.eclipse.org:443]
2025-10-14 17:18:05,064 [Worker-1: Loading available Gradle versions] INFO  o.e.b.c.i.u.g.PublishedGradleVersions - Gradle version information cache is up-to-date. Trying to read.
2025-10-14 17:18:11,198 [Worker-9: Decoration Calculation] WARN  org.eclipse.jgit.util.FS_POSIX - null
2025-10-15 09:41:42,448 [Worker-7: Loading available Gradle versions] INFO  o.e.b.c.i.u.g.PublishedGradleVersions - Gradle version information cache is up-to-date. Trying to read.
2025-10-15 09:41:48,539 [Worker-9: Decoration Calculation] WARN  org.eclipse.jgit.util.FS_POSIX - null
2025-10-15 12:30:26,723 [Worker-7: Loading available Gradle versions] INFO  o.e.b.c.i.u.g.PublishedGradleVersions - Gradle version information cache is up-to-date. Trying to read.
2025-10-15 12:30:32,640 [Worker-4: Decoration Calculation] WARN  org.eclipse.jgit.util.FS_POSIX - null
2025-10-20 10:42:17,671 [main] WARN  org.eclipse.jgit.util.FS_POSIX - null
2025-10-20 10:42:19,576 [Worker-1: Loading available Gradle versions] INFO  o.e.b.c.i.u.g.PublishedGradleVersions - Gradle version information cache is out-of-date. Trying to update.
2025-10-20 16:45:34,788 [Worker-2: Loading available Gradle versions] INFO  o.e.b.c.i.u.g.PublishedGradleVersions - Gradle version information cache is up-to-date. Trying to read.
2025-10-20 16:45:40,718 [Worker-9: Decoration Calculation] WARN  org.eclipse.jgit.util.FS_POSIX - null
2025-10-21 16:52:26,529 [Worker-6: Loading available Gradle versions] INFO  o.e.b.c.i.u.g.PublishedGradleVersions - Gradle version information cache is out-of-date. Trying to update.
2025-10-21 16:52:32,108 [Worker-4: Decoration Calculation] WARN  org.eclipse.jgit.util.FS_POSIX - null
2025-10-22 09:46:21,167 [Worker-1: Loading available Gradle versions] INFO  o.e.b.c.i.u.g.PublishedGradleVersions - Gradle version information cache is up-to-date. Trying to read.
2025-10-22 09:46:26,789 [Worker-9: Decoration Calculation] WARN  org.eclipse.jgit.util.FS_POSIX - null
2025-10-22 14:09:38,637 [Worker-1: Loading available Gradle versions] INFO  o.e.b.c.i.u.g.PublishedGradleVersions - Gradle version information cache is up-to-date. Trying to read.
2025-10-22 14:09:44,232 [Worker-8: Decoration Calculation] WARN  org.eclipse.jgit.util.FS_POSIX - null
2025-10-22 14:19:00,311 [Worker-21: Loading available Gradle versions] INFO  o.e.b.c.i.u.g.PublishedGradleVersions - Gradle version information cache is up-to-date. Trying to read.
2025-10-27 10:54:33,403 [Worker-2: Loading available Gradle versions] INFO  o.e.b.c.i.u.g.PublishedGradleVersions - Gradle version information cache is out-of-date. Trying to update.
2025-10-27 10:55:27,169 [Worker-24: Decoration Calculation] WARN  org.eclipse.jgit.util.FS_POSIX - null
2025-10-27 11:00:40,514 [Worker-1: Loading available Gradle versions] INFO  o.e.b.c.i.u.g.PublishedGradleVersions - Gradle version information cache is up-to-date. Trying to read.
2025-10-27 11:00:46,280 [Worker-10: Decoration Calculation] WARN  org.eclipse.jgit.util.FS_POSIX - null
2025-10-27 16:48:37,858 [Worker-8: Loading available Gradle versions] INFO  o.e.b.c.i.u.g.PublishedGradleVersions - Gradle version information cache is up-to-date. Trying to read.
2025-10-27 16:48:44,037 [Worker-1: Decoration Calculation] WARN  org.eclipse.jgit.util.FS_POSIX - null
2025-10-27 20:06:39,585 [Worker-8: Loading available Gradle versions] INFO  o.e.b.c.i.u.g.PublishedGradleVersions - Gradle version information cache is up-to-date. Trying to read.
2025-10-27 20:06:45,412 [Worker-4: Decoration Calculation] WARN  org.eclipse.jgit.util.FS_POSIX - null
2025-10-28 15:11:25,002 [Worker-2: Loading available Gradle versions] INFO  o.e.b.c.i.u.g.PublishedGradleVersions - Gradle version information cache is out-of-date. Trying to update.
2025-10-28 15:11:30,769 [Worker-7: Decoration Calculation] WARN  org.eclipse.jgit.util.FS_POSIX - null
2025-10-28 16:56:31,089 [Worker-2: Loading available Gradle versions] INFO  o.e.b.c.i.u.g.PublishedGradleVersions - Gradle version information cache is up-to-date. Trying to read.
2025-10-28 16:56:36,716 [Worker-9: Decoration Calculation] WARN  org.eclipse.jgit.util.FS_POSIX - null
2025-10-29 09:55:20,007 [Worker-4: Loading available Gradle versions] INFO  o.e.b.c.i.u.g.PublishedGradleVersions - Gradle version information cache is up-to-date. Trying to read.
2025-10-29 09:55:26,185 [Worker-9: Decoration Calculation] WARN  org.eclipse.jgit.util.FS_POSIX - null
2025-10-29 10:42:01,778 [Worker-7: Loading available Gradle versions] INFO  o.e.b.c.i.u.g.PublishedGradleVersions - Gradle version information cache is up-to-date. Trying to read.
2025-10-29 10:42:07,418 [Worker-11: Decoration Calculation] WARN  org.eclipse.jgit.util.FS_POSIX - null
2025-10-29 12:00:04,188 [Worker-1: Loading available Gradle versions] INFO  o.e.b.c.i.u.g.PublishedGradleVersions - Gradle version information cache is up-to-date. Trying to read.
2025-10-29 12:00:09,863 [Worker-10: Decoration Calculation] WARN  org.eclipse.jgit.util.FS_POSIX - null
2025-11-03 10:49:26,858 [main] WARN  org.eclipse.jgit.util.FS_POSIX - null
2025-11-03 10:49:27,584 [Worker-4: Loading available Gradle versions] INFO  o.e.b.c.i.u.g.PublishedGradleVersions - Gradle version information cache is out-of-date. Trying to update.
2025-11-03 11:57:23,891 [Worker-8: Loading available Gradle versions] INFO  o.e.b.c.i.u.g.PublishedGradleVersions - Gradle version information cache is up-to-date. Trying to read.
2025-11-03 11:57:29,958 [Worker-9: Decoration Calculation] WARN  org.eclipse.jgit.util.FS_POSIX - null
2025-11-03 16:51:19,262 [Worker-6: Loading available Gradle versions] INFO  o.e.b.c.i.u.g.PublishedGradleVersions - Gradle version information cache is up-to-date. Trying to read.
2025-11-03 16:51:25,179 [Worker-8: Decoration Calculation] WARN  org.eclipse.jgit.util.FS_POSIX - null
2025-11-04 16:48:34,400 [Worker-7: Loading available Gradle versions] INFO  o.e.b.c.i.u.g.PublishedGradleVersions - Gradle version information cache is out-of-date. Trying to update.
2025-11-04 16:48:40,262 [Worker-1: Decoration Calculation] WARN  org.eclipse.jgit.util.FS_POSIX - null
2025-11-05 09:41:43,149 [Worker-2: Loading available Gradle versions] INFO  o.e.b.c.i.u.g.PublishedGradleVersions - Gradle version information cache is up-to-date. Trying to read.
2025-11-05 09:41:48,936 [Worker-9: Decoration Calculation] WARN  org.eclipse.jgit.util.FS_POSIX - null
2025-11-05 11:43:28,213 [Worker-4: Loading available Gradle versions] INFO  o.e.b.c.i.u.g.PublishedGradleVersions - Gradle version information cache is up-to-date. Trying to read.
2025-11-05 11:43:34,021 [Worker-7: Decoration Calculation] WARN  org.eclipse.jgit.util.FS_POSIX - null
2025-11-05 12:28:02,013 [Worker-7: Loading available Gradle versions] INFO  o.e.b.c.i.u.g.PublishedGradleVersions - Gradle version information cache is up-to-date. Trying to read.
2025-11-05 12:28:08,071 [Worker-9: Decoration Calculation] WARN  org.eclipse.jgit.util.FS_POSIX - null
2025-11-06 08:40:52,263 [Worker-7: Loading available Gradle versions] INFO  o.e.b.c.i.u.g.PublishedGradleVersions - Gradle version information cache is out-of-date. Trying to update.
2025-11-06 08:40:57,980 [Worker-8: Decoration Calculation] WARN  org.eclipse.jgit.util.FS_POSIX - null
2025-11-06 09:57:26,482 [main] WARN  org.eclipse.jgit.util.FS_POSIX - null
2025-11-06 09:57:26,633 [Worker-1: Loading available Gradle versions] INFO  o.e.b.c.i.u.g.PublishedGradleVersions - Gradle version information cache is up-to-date. Trying to read.
2025-11-07 14:04:00,656 [Worker-8: Loading available Gradle versions] INFO  o.e.b.c.i.u.g.PublishedGradleVersions - Gradle version information cache is out-of-date. Trying to update.
2025-11-07 14:04:36,804 [Worker-1: Decoration Calculation] WARN  org.eclipse.jgit.util.FS_POSIX - null
2025-11-10 10:46:45,894 [Worker-1: Loading available Gradle versions] INFO  o.e.b.c.i.u.g.PublishedGradleVersions - Gradle version information cache is out-of-date. Trying to update.
2025-11-10 10:46:52,608 [Worker-7: Decoration Calculation] WARN  org.eclipse.jgit.util.FS_POSIX - null
2025-11-10 16:51:30,157 [Worker-8: Loading available Gradle versions] INFO  o.e.b.c.i.u.g.PublishedGradleVersions - Gradle version information cache is up-to-date. Trying to read.
2025-11-10 16:51:35,988 [Worker-4: Decoration Calculation] WARN  org.eclipse.jgit.util.FS_POSIX - null
2025-11-11 16:33:39,314 [Worker-2: Loading available Gradle versions] INFO  o.e.b.c.i.u.g.PublishedGradleVersions - Gradle version information cache is out-of-date. Trying to update.
2025-11-11 16:33:44,991 [Worker-8: Decoration Calculation] WARN  org.eclipse.jgit.util.FS_POSIX - null
2025-11-12 09:48:30,475 [Worker-6: Loading available Gradle versions] INFO  o.e.b.c.i.u.g.PublishedGradleVersions - Gradle version information cache is up-to-date. Trying to read.
2025-11-12 09:48:36,329 [Worker-2: Decoration Calculation] WARN  org.eclipse.jgit.util.FS_POSIX - null
2025-11-12 10:44:00,745 [Worker-1: Loading available Gradle versions] INFO  o.e.b.c.i.u.g.PublishedGradleVersions - Gradle version information cache is up-to-date. Trying to read.
2025-11-12 10:44:06,338 [Worker-12: Decoration Calculation] WARN  org.eclipse.jgit.util.FS_POSIX - null
2025-11-17 10:43:47,303 [Worker-4: Loading available Gradle versions] INFO  o.e.b.c.i.u.g.PublishedGradleVersions - Gradle version information cache is out-of-date. Trying to update.
2025-11-17 10:43:53,554 [Worker-1: Decoration Calculation] WARN  org.eclipse.jgit.util.FS_POSIX - null
2025-11-19 09:42:52,610 [Worker-8: Loading available Gradle versions] INFO  o.e.b.c.i.u.g.PublishedGradleVersions - Gradle version information cache is out-of-date. Trying to update.
2025-11-19 09:42:57,884 [Worker-1: Decoration Calculation] WARN  org.eclipse.jgit.util.FS_POSIX - null
